<html>
<body>
<pre>
<h1>µVision Build Log</h1>
<h2>Tool Versions:</h2>
IDE-Version: µVision V5.38.0.0
Copyright (C) 2022 ARM Ltd and ARM Germany GmbH. All rights reserved.
License Information: j j, j, LIC=----
 
Tool Versions:
Toolchain:       MDK-Lite  Version: 5.38.0.0
Toolchain Path:  C:\Keil_v5\ARM\ARMCLANG\Bin
C Compiler:      ArmClang.exe V6.19
Assembler:       Armasm.exe V6.19
Linker/Locator:  ArmLink.exe V6.19
Library Manager: ArmAr.exe V6.19
Hex Converter:   FromElf.exe V6.19
CPU DLL:         SARMCM3.DLL V5.38.0.0
Dialog DLL:      DCM.DLL V1.17.5.0
Target DLL:      Segger\JL2CM3.dll V2.99.42.0
Dialog DLL:      TCM.DLL V1.56.4.0
 
<h2>Project:</h2>
I:\My Drive\PRJ\motor docs\hvac\software\motor-control\3phase-bldc-foc-sensorless-ifn\TLE9879QXA40_eSL-BAS-EVAL - PRJ\1.3.0\TLE987x_FOC_BASIC_Sensorless_Example\FOC.uvprojx
Project File Date:  11/15/2023

<h2>Output:</h2>
*** Using Compiler 'V6.19', folder: 'C:\Keil_v5\ARM\ARMCLANG\Bin'
Rebuild target 'Target 1'
compiling probe_scope.c...
compiling adc1.c...
compiling adc2.c...
compiling bdrv.c...
compiling main.c...
compiling bootrom.c...
compiling ccu6.c...
compiling csa.c...
compiling dma.c...
compiling gpt12e.c...
compiling int.c...
compiling lin.c...
compiling isr.c...
compiling pmu.c...
compiling ssc.c...
compiling port.c...
compiling scu.c...
assembling startup_tle987x.S...
compiling system_tle987x.c...
compiling timer3.c...
compiling uart.c...
compiling tle_device.c...
compiling wdt1.c...
compiling Ifx_MAS_ModulatorF16_tableSin60Sqrt3.c...
compiling Ifx_MDA_FluxEstimatorF16.c...
compiling Ifx_MDA_FocControllerF16.c...
compiling Ifx_MAS_ModulatorF16.c...
compiling Ifx_MDA_IToFControllerF16.c...
compiling Ifx_MDA_StartAngleIdentF16.c...
compiling Ifx_MDA_VToFControllerF16.c...
compiling Ifx_MHA_BridgeDrv_TLE987.c...
compiling Ifx_MHA_MeasurementADC_TLE987.c...
compiling Ifx_MHA_PatternGen_TLE987.c...
compiling Ifx_Math_AccelLimitF16.c...
compiling Ifx_Math_AdvancedMath.c...
compiling Ifx_Math_Arithmetic.c...
compiling Ifx_MS_FocSolutionF16.c...
compiling Ifx_Math_Atan2.c...
compiling Ifx_Math_CartToPolar.c...
compiling Ifx_Math_Clarke.c...
compiling Ifx_Math_CurrentReconstruction.c...
compiling Ifx_Math_Interp1DLut.c...
compiling Ifx_Math_InvClarke.c...
compiling Ifx_Math_InvPark.c...
compiling Ifx_Math_LowPass1stF16.c...
compiling Ifx_Math_Lut_Atan_F16_Table.c...
compiling Ifx_Math_Lut_CartToPolar_F16_Table.c...
compiling Ifx_Math_Lut_DivShL_F32_Table.c...
compiling Ifx_Math_Lut_SinCos_F16_Table.c...
compiling Ifx_Math_PLLF16.c...
compiling Ifx_Math_MotorControl.c...
compiling Ifx_Math_Park.c...
compiling Ifx_Math_PolarToCart.c...
compiling Ifx_Math_PiF16.c...
compiling Ifx_Math_RateLimitF16.c...
compiling Ifx_Math_SpeedPreControlF16.c...
compiling Ifx_Math_Trigonometric.c...
linking...
Program Size: Code=11172 RO-data=14596 RW-data=4 ZI-data=1172  
".\Objects\FOC.axf" - 0 Error(s), 0 Warning(s).

<h2>Software Packages used:</h2>

Package Vendor: ARM
                http://www.keil.com/pack/ARM.CMSIS.5.6.0.pack
                ARM.CMSIS.5.6.0
                CMSIS (Cortex Microcontroller Software Interface Standard)
   * Component: CORE Version: 5.3.0
   * Component: DSP Variant: Library Version: 1.7.0

Package Vendor: Infineon
                https://www.infineon.com/cmsis_packs/TLE987x/Infineon.TLE987x_DFP.1.5.0.pack
                Infineon.TLE987x_DFP.1.5.0
                Infineon TLE987x Series Device Support
   * Component: BF-Stepping Version: 0.0.1
   * Component: ConfigWizard_v2 Version: 2.1.12
   * Component: ADC1 Version: 0.2.8
   * Component: ADC2 Version: 0.2.5
   * Component: BDRV Version: 0.4.8
   * Component: BOOTROM Version: 0.3.0
   * Component: CCU6 Version: 0.3.2
   * Component: CSA Version: 0.1.7
   * Component: DMA Version: 0.2.2
   * Component: GPT12E Version: 0.2.0
   * Component: INT Version: 0.2.2
   * Component: ISR Version: 0.2.8
   * Component: LIN Version: 0.1.9
   * Component: PMU Version: 0.2.0
   * Component: PORT Version: 0.5.7
   * Component: SCU Version: 0.5.4
   * Component: SSC Version: 0.1.7
   * Component: TIMER3 Version: 0.1.7
   * Component: UART Version: 0.2.2
   * Component: WDT1 Version: 0.3.2
   * Component: Startup Version: 1.1.0

Package Vendor: Infineon
                https://softwaretools.infineon.com/tools/com.ifx.tb.tool.tle987xeslbas/Infineon.TLE9879QXA40_eSL-BAS-EVAL.1.3.0.pack
                Infineon.TLE9879QXA40_eSL-BAS-EVAL.1.3.0
                Infineon TLE987x_eSL-BAS-EVAL Motor Control Software
   * Component: MAS-BAS_v1.3.0-PR Version: 1.3.0
   * Component: MDA-BAS_v1.3.0-PR Version: 1.3.0
   * Component: MHA-BAS_TLE987x_v1.3.0-PR Version: 1.3.0
   * Component: MS-BAS_TLE987x_v1.3.0-PR Version: 1.3.0
   * Component: Math-BAS_TLE98xx_v1.3.0-PR Version: 1.3.0

<h2>Collection of Component include folders:</h2>
  ./RTE/Device/TLE9879QXA40
  ./RTE/TLE987x-eSL-BAS-EVAL/TLE9879QXA40
  ./RTE/_Target_1
  C:/Users/joe/AppData/Local/Arm/Packs/ARM/CMSIS/5.6.0/CMSIS/Core/Include
  C:/Users/joe/AppData/Local/Arm/Packs/ARM/CMSIS/5.6.0/CMSIS/DSP/Include

<h2>Collection of Component Files used:</h2>

   * Component: ARM::CMSIS:CORE:5.3.0

   * Component: ARM::CMSIS:DSP:Library:1.7.0
      Library file:  CMSIS/DSP/Lib/ARM/arm_cortexM3l_math.lib
      Include file:  CMSIS/DSP/Include/arm_math.h

   * Component: Infineon::Device:BF-Stepping:0.0.1

   * Component: Infineon::Device:ConfigWizard_v2:2.1.12
      Include file:  Device/SDK/cfgwiz/TLE987x_40/v2/lin_defines.h
      Include file:  Device/SDK/cfgwiz/TLE987x_40/v2/timer2x_defines.h
      Include file:  Device/SDK/cfgwiz/TLE987x_40/v2/uart_defines.h
      Include file:  Device/SDK/cfgwiz/TLE987x_40/v2/bsl_defines.h
      Include file:  Device/SDK/cfgwiz/TLE987x_40/v2/isr_defines.h
      Include file:  Device/SDK/cfgwiz/TLE987x_40/v2/ssc_defines.h
      Include file:  Device/SDK/cfgwiz/TLE987x_40/v2/ccu6_defines.h
      Include file:  Device/SDK/cfgwiz/TLE987x_40/v2/dma_defines.h
      Include file:  Device/SDK/cfgwiz/TLE987x_40/v2/adc2_defines.h
      Include file:  Device/SDK/cfgwiz/TLE987x_40/v2/csa_defines.h
      Include file:  Device/SDK/cfgwiz/TLE987x_40/v2/scu_defines.h
      Include file:  Device/SDK/cfgwiz/TLE987x_40/v2/gpt12e_defines.h
      Include file:  Device/SDK/cfgwiz/TLE987x_40/v2/timer3_defines.h
      Include file:  Device/SDK/cfgwiz/TLE987x_40/v2/bdrv_defines.h
      Include file:  Device/SDK/cfgwiz/TLE987x_40/v2/mon_defines.h
      Include file:  Device/SDK/cfgwiz/TLE987x_40/v2/port_defines.h
      Include file:  Device/SDK/cfgwiz/TLE987x_40/v2/int_defines.h
      Include file:  Device/SDK/cfgwiz/TLE987x_40/v2/pmu_defines.h
      Include file:  Device/SDK/cfgwiz/TLE987x_40/v2/adc1_defines.h

   * Component: Infineon::Device:SDK:ADC1:0.2.8
      Include file:  Device/SDK/inc/adc1.h
      Source file:   Device/SDK/src/adc1.c

   * Component: Infineon::Device:SDK:ADC2:0.2.5
      Source file:   Device/SDK/src/adc2.c
      Include file:  Device/SDK/inc/adc2.h

   * Component: Infineon::Device:SDK:BDRV:0.4.8
      Source file:   Device/SDK/src/bdrv.c
      Include file:  Device/SDK/inc/bdrv.h

   * Component: Infineon::Device:SDK:BOOTROM:0.3.0
      Source file:   Device/SDK/src/bootrom.c
      Include file:  Device/SDK/inc/bootrom.h

   * Component: Infineon::Device:SDK:CCU6:0.3.2
      Source file:   Device/SDK/src/ccu6.c
      Include file:  Device/SDK/inc/ccu6.h

   * Component: Infineon::Device:SDK:CSA:0.1.7
      Source file:   Device/SDK/src/csa.c
      Include file:  Device/SDK/inc/csa.h

   * Component: Infineon::Device:SDK:DMA:0.2.2
      Source file:   Device/SDK/src/dma.c
      Include file:  Device/SDK/inc/dma.h

   * Component: Infineon::Device:SDK:GPT12E:0.2.0
      Source file:   Device/SDK/src/gpt12e.c
      Include file:  Device/SDK/inc/gpt12e.h

   * Component: Infineon::Device:SDK:INT:0.2.2
      Include file:  Device/SDK/inc/int.h
      Source file:   Device/SDK/src/int.c

   * Component: Infineon::Device:SDK:ISR:0.2.8
      Include file:  Device/SDK/inc/isr.h
      Source file:   Device/SDK/src/isr.c

   * Component: Infineon::Device:SDK:LIN:0.1.9
      Include file:  Device/SDK/inc/lin.h
      Source file:   Device/SDK/src/lin.c

   * Component: Infineon::Device:SDK:PMU:0.2.0
      Include file:  Device/SDK/inc/pmu.h
      Source file:   Device/SDK/src/pmu.c

   * Component: Infineon::Device:SDK:PORT:0.5.7
      Include file:  Device/SDK/inc/port.h
      Source file:   Device/SDK/src/port.c

   * Component: Infineon::Device:SDK:SCU:0.5.4
      Include file:  Device/SDK/inc/scu.h
      Source file:   Device/SDK/src/scu.c

   * Component: Infineon::Device:SDK:SSC:0.1.7
      Include file:  Device/SDK/inc/ssc.h
      Source file:   Device/SDK/src/ssc.c

   * Component: Infineon::Device:SDK:TIMER3:0.1.7
      Include file:  Device/SDK/inc/timer3.h
      Source file:   Device/SDK/src/timer3.c

   * Component: Infineon::Device:SDK:UART:0.2.2
      Source file:   Device/SDK/src/uart.c
      Include file:  Device/SDK/inc/uart.h

   * Component: Infineon::Device:SDK:WDT1:0.3.2
      Include file:  Device/SDK/inc/wdt1.h
      Source file:   Device/SDK/src/wdt1.c

   * Component: Infineon::Device:Startup:1.1.0
      Include file:  Device/Include/cmsis_misra.h
      Source file:   Device/Source/system_tle987x.c
      Source file:   Device/SDK/app/main.c
      Include file:  Device/Include/types.h
      Include file:  Device/Include/tle_device.h
      Include file:  Device/Include/eval_board.h
      Source file:   Device/Source/ARM/startup_tle987x.S
      Include file:  Device/Include/system_tle987x.h
      Include file:  Device/Include/tle987x.h
      Source file:   Device/Source/tle_device.c
      Include file:  Device/Include/tle_variants.h
      Source file:   Device/Include/sfr_access.h

   * Component: Infineon::TLE987x-eSL-BAS-EVAL:MAS-BAS_v1.3.0-PR:1.3.0
      Include file:  MAS-BAS_v1.3.0-PR/include/Ifx_MAS_ModulatorF16.h
      Source file:   MAS-BAS_v1.3.0-PR/src/Ifx_MAS_ModulatorF16.c
      Source file:   MAS-BAS_v1.3.0-PR/src/Ifx_MAS_ModulatorF16_tableSin60Sqrt3.c

   * Component: Infineon::TLE987x-eSL-BAS-EVAL:MDA-BAS_v1.3.0-PR:1.3.0
      Include file:  MDA-BAS_v1.3.0-PR/include/Ifx_MDA_VToFControllerF16.h
      Source file:   MDA-BAS_v1.3.0-PR/src/Ifx_MDA_FluxEstimatorF16.c
      Include file:  MDA-BAS_v1.3.0-PR/include/Ifx_MDA_FluxEstimatorF16.h
      Include file:  MDA-BAS_v1.3.0-PR/include/Ifx_MDA_IToFControllerF16.h
      Include file:  MDA-BAS_v1.3.0-PR/include/Ifx_MDA_FocControllerF16.h
      Source file:   MDA-BAS_v1.3.0-PR/src/Ifx_MDA_IToFControllerF16.c
      Source file:   MDA-BAS_v1.3.0-PR/src/Ifx_MDA_VToFControllerF16.c
      Source file:   MDA-BAS_v1.3.0-PR/src/Ifx_MDA_FocControllerF16.c
      Include file:  MDA-BAS_v1.3.0-PR/include/Ifx_MDA_StartAngleIdentF16.h
      Source file:   MDA-BAS_v1.3.0-PR/src/Ifx_MDA_StartAngleIdentF16.c

   * Component: Infineon::TLE987x-eSL-BAS-EVAL:MHA-BAS_TLE987x_v1.3.0-PR:1.3.0
      Include file:  MHA-BAS_TLE987x_v1.3.0-PR/include/Ifx_MHA_BridgeDrv.h
      Include file:  MHA-BAS_TLE987x_v1.3.0-PR/include/Ifx_MHA_BridgeDrv_TLE987.h
      Include file:  MHA-BAS_TLE987x_v1.3.0-PR/include/Ifx_MHA_MeasurementADC.h
      Include file:  MHA-BAS_TLE987x_v1.3.0-PR/include/Ifx_MHA_MeasurementADC_TLE987.h
      Include file:  MHA-BAS_TLE987x_v1.3.0-PR/include/Ifx_MHA_PatternGen.h
      Include file:  MHA-BAS_TLE987x_v1.3.0-PR/include/Ifx_MHA_PatternGen_TLE987.h
      Source file:   MHA-BAS_TLE987x_v1.3.0-PR/src/Ifx_MHA_BridgeDrv_TLE987.c
      Source file:   MHA-BAS_TLE987x_v1.3.0-PR/src/Ifx_MHA_MeasurementADC_TLE987.c
      Source file:   MHA-BAS_TLE987x_v1.3.0-PR/src/Ifx_MHA_PatternGen_TLE987.c

   * Component: Infineon::TLE987x-eSL-BAS-EVAL:MS-BAS_TLE987x_v1.3.0-PR:1.3.0
      Source file:   MS-BAS_TLE987x_v1.3.0-PR/src/Ifx_MS_FocSolutionF16.c
      Include file:  MS-BAS_TLE987x_v1.3.0-PR/include/Ifx_MS_FocSolutionF16.h

   * Component: Infineon::TLE987x-eSL-BAS-EVAL:Math-BAS_TLE98xx_v1.3.0-PR:1.3.0
      Include file:  Math-BAS_TLE98xx_v1.3.0-PR/include/Ifx_ComponentVersion.h
      Include file:  Math-BAS_TLE98xx_v1.3.0-PR/include/Ifx_Math_AddSat.h
      Include file:  Math-BAS_TLE98xx_v1.3.0-PR/include/Ifx_Math_AdvancedMath.h
      Include file:  Math-BAS_TLE98xx_v1.3.0-PR/include/Ifx_Math_Abs.h
      Include file:  Math-BAS_TLE98xx_v1.3.0-PR/include/Ifx_Math_Atan2.h
      Include file:  Math-BAS_TLE98xx_v1.3.0-PR/include/Ifx_Math_Clarke.h
      Include file:  Math-BAS_TLE98xx_v1.3.0-PR/include/Ifx_Math_Div.h
      Include file:  Math-BAS_TLE98xx_v1.3.0-PR/include/Ifx_Math.h
      Include file:  Math-BAS_TLE98xx_v1.3.0-PR/include/Ifx_Math_Add.h
      Include file:  Math-BAS_TLE98xx_v1.3.0-PR/include/Ifx_Math_All.h
      Include file:  Math-BAS_TLE98xx_v1.3.0-PR/include/Ifx_Math_Atan.h
      Include file:  Math-BAS_TLE98xx_v1.3.0-PR/include/Ifx_Math_CartToPolar.h
      Include file:  Math-BAS_TLE98xx_v1.3.0-PR/include/Ifx_Math_DivSat.h
      Include file:  Math-BAS_TLE98xx_v1.3.0-PR/include/Ifx_Math_DivShL.h
      Include file:  Math-BAS_TLE98xx_v1.3.0-PR/include/Ifx_ComponentID.h
      Include file:  Math-BAS_TLE98xx_v1.3.0-PR/include/Ifx_Math_Arithmetic.h
      Include file:  Math-BAS_TLE98xx_v1.3.0-PR/include/Ifx_Math_ConvSat.h
      Include file:  Math-BAS_TLE98xx_v1.3.0-PR/include/Ifx_Math_Cos.h
      Include file:  Math-BAS_TLE98xx_v1.3.0-PR/include/Ifx_Math_DivShLR.h
      Include file:  Math-BAS_TLE98xx_v1.3.0-PR/include/Ifx_Math_AccelLimitF16.h
      Include file:  Math-BAS_TLE98xx_v1.3.0-PR/include/Ifx_Math_CurrentReconstruction.h
      Include file:  Math-BAS_TLE98xx_v1.3.0-PR/include/Ifx_Math_AbsSat.h
      Include file:  Math-BAS_TLE98xx_v1.3.0-PR/include/Ifx_Math_DivShLRSat.h
      Include file:  Math-BAS_TLE98xx_v1.3.0-PR/include/Ifx_Math_DivShLSat.h
      Include file:  Math-BAS_TLE98xx_v1.3.0-PR/include/Ifx_Math_DivShLSatNZ.h
      Include file:  Math-BAS_TLE98xx_v1.3.0-PR/include/Ifx_Math_DqDecouplingF16.h
      Include file:  Math-BAS_TLE98xx_v1.3.0-PR/include/Ifx_Math_Interp1DLut.h
      Include file:  Math-BAS_TLE98xx_v1.3.0-PR/include/Ifx_Math_ShL.h
      Include file:  Math-BAS_TLE98xx_v1.3.0-PR/include/Ifx_Math_ShLRSat.h
      Include file:  Math-BAS_TLE98xx_v1.3.0-PR/include/Ifx_Math_MulShLRAddSat.h
      Include file:  Math-BAS_TLE98xx_v1.3.0-PR/include/Ifx_Math_MulShR.h
      Include file:  Math-BAS_TLE98xx_v1.3.0-PR/include/Ifx_Math_MulShRAdd.h
      Include file:  Math-BAS_TLE98xx_v1.3.0-PR/include/Ifx_Math_Mul.h
      Include file:  Math-BAS_TLE98xx_v1.3.0-PR/include/Ifx_Math_MulShLRSub.h
      Include file:  Math-BAS_TLE98xx_v1.3.0-PR/include/Ifx_Math_MulShRAddSat.h
      Include file:  Math-BAS_TLE98xx_v1.3.0-PR/include/Ifx_Math_LowPass1stF16.h
      Include file:  Math-BAS_TLE98xx_v1.3.0-PR/include/Ifx_Math_Neg.h
      Include file:  Math-BAS_TLE98xx_v1.3.0-PR/include/Ifx_Math_PolarToCart.h
      Include file:  Math-BAS_TLE98xx_v1.3.0-PR/include/Ifx_Math_RateLimitF16.h
      Include file:  Math-BAS_TLE98xx_v1.3.0-PR/include/Ifx_Math_MulShRSubSat.h
      Include file:  Math-BAS_TLE98xx_v1.3.0-PR/include/Ifx_Math_PiF16.h
      Include file:  Math-BAS_TLE98xx_v1.3.0-PR/include/Ifx_Math_ShLR.h
      Include file:  Math-BAS_TLE98xx_v1.3.0-PR/include/Ifx_Math_MulShLRSat.h
      Include file:  Math-BAS_TLE98xx_v1.3.0-PR/include/Ifx_Math_NegSat.h
      Include file:  Math-BAS_TLE98xx_v1.3.0-PR/include/Ifx_Math_ShLSat.h
      Include file:  Math-BAS_TLE98xx_v1.3.0-PR/include/Ifx_Math_MotorControl.h
      Include file:  Math-BAS_TLE98xx_v1.3.0-PR/include/Ifx_Math_LimitF16.h
      Include file:  Math-BAS_TLE98xx_v1.3.0-PR/include/Ifx_Math_MulShL.h
      Include file:  Math-BAS_TLE98xx_v1.3.0-PR/include/Ifx_Math_MulShLR.h
      Include file:  Math-BAS_TLE98xx_v1.3.0-PR/include/Ifx_Math_MulSat.h
      Include file:  Math-BAS_TLE98xx_v1.3.0-PR/include/Ifx_Math_InvClarke.h
      Include file:  Math-BAS_TLE98xx_v1.3.0-PR/include/Ifx_Math_MulShLRAdd.h
      Include file:  Math-BAS_TLE98xx_v1.3.0-PR/include/Ifx_Math_MulShLRSubSat.h
      Include file:  Math-BAS_TLE98xx_v1.3.0-PR/include/Ifx_Math_MulShRSat.h
      Include file:  Math-BAS_TLE98xx_v1.3.0-PR/include/Ifx_Math_MulShRSub.h
      Include file:  Math-BAS_TLE98xx_v1.3.0-PR/include/Ifx_Math_Park.h
      Include file:  Math-BAS_TLE98xx_v1.3.0-PR/include/Ifx_Math_PLLF16.h
      Include file:  Math-BAS_TLE98xx_v1.3.0-PR/include/Ifx_Math_InvPark.h
      Include file:  Math-BAS_TLE98xx_v1.3.0-PR/include/Ifx_Math_Sat.h
      Source file:   Math-BAS_TLE98xx_v1.3.0-PR/src/Ifx_Math_RateLimitF16.c
      Include file:  Math-BAS_TLE98xx_v1.3.0-PR/include/Ifx_Math_Sub.h
      Source file:   Math-BAS_TLE98xx_v1.3.0-PR/src/Ifx_Math_SpeedPreControlF16.c
      Source file:   Math-BAS_TLE98xx_v1.3.0-PR/src/Ifx_Math_AdvancedMath.c
      Source file:   Math-BAS_TLE98xx_v1.3.0-PR/src/Ifx_Math_Arithmetic.c
      Source file:   Math-BAS_TLE98xx_v1.3.0-PR/src/Ifx_Math_Lut_CartToPolar_F16_Table.c
      Source file:   Math-BAS_TLE98xx_v1.3.0-PR/src/Ifx_Math_Atan2.c
      Source file:   Math-BAS_TLE98xx_v1.3.0-PR/src/Ifx_Math_PLLF16.c
      Source file:   Math-BAS_TLE98xx_v1.3.0-PR/src/Ifx_Math_PolarToCart.c
      Source file:   Math-BAS_TLE98xx_v1.3.0-PR/src/Ifx_Math_Trigonometric.c
      Source file:   Math-BAS_TLE98xx_v1.3.0-PR/src/Ifx_Math_Lut_DivShL_F32_Table.c
      Source file:   Math-BAS_TLE98xx_v1.3.0-PR/src/Ifx_Math_InvClarke.c
      Source file:   Math-BAS_TLE98xx_v1.3.0-PR/src/Ifx_Math_CurrentReconstruction.c
      Source file:   Math-BAS_TLE98xx_v1.3.0-PR/src/Ifx_Math_InvPark.c
      Source file:   Math-BAS_TLE98xx_v1.3.0-PR/src/Ifx_Math_Lut_Atan_F16_Table.c
      Include file:  Math-BAS_TLE98xx_v1.3.0-PR/include/Ifx_Math_Trigonometric.h
      Source file:   Math-BAS_TLE98xx_v1.3.0-PR/src/Ifx_Math_Interp1DLut.c
      Source file:   Math-BAS_TLE98xx_v1.3.0-PR/src/Ifx_Math_Park.c
      Source file:   Math-BAS_TLE98xx_v1.3.0-PR/src/Ifx_Math_Lut_SinCos_F16_Table.c
      Include file:  Math-BAS_TLE98xx_v1.3.0-PR/include/Ifx_Math_ShRRnd.h
      Include file:  Math-BAS_TLE98xx_v1.3.0-PR/include/Ifx_Math_ShR.h
      Include file:  Math-BAS_TLE98xx_v1.3.0-PR/include/Ifx_Math_SubSat.h
      Source file:   Math-BAS_TLE98xx_v1.3.0-PR/src/Ifx_Math_CartToPolar.c
      Include file:  Math-BAS_TLE98xx_v1.3.0-PR/include/Ifx_Math_Sin.h
      Include file:  Math-BAS_TLE98xx_v1.3.0-PR/include/Ifx_Math_SinCos.h
      Source file:   Math-BAS_TLE98xx_v1.3.0-PR/src/Ifx_Math_AccelLimitF16.c
      Source file:   Math-BAS_TLE98xx_v1.3.0-PR/src/Ifx_Math_Clarke.c
      Include file:  Math-BAS_TLE98xx_v1.3.0-PR/include/Ifx_Math_UsrOpt.h
      Source file:   Math-BAS_TLE98xx_v1.3.0-PR/src/Ifx_Math_LowPass1stF16.c
      Source file:   Math-BAS_TLE98xx_v1.3.0-PR/src/Ifx_Math_MotorControl.c
      Include file:  Math-BAS_TLE98xx_v1.3.0-PR/include/Ifx_Math_SpeedPreControlF16.h
      Source file:   Math-BAS_TLE98xx_v1.3.0-PR/src/Ifx_Math_PiF16.c
Build Time Elapsed:  00:00:17
</pre>
</body>
</html>
